{
    "100": [
        null
    ],
    "101": [
        null
    ],
    "102": [
        "\u0001"
    ],
    "103": [
        "\u0005\u0006"
    ],
    "90": [
        "�\u0004�\u0005"
    ],
    "91": [
        "�\u0004�\u0005"
    ],
    "92": [
        "�\u0004�\u0005"
    ],
    "93": [
        "�\u0004�\u0005"
    ],
    "94": [
        "�\t�\u000b"
    ],
    "95": [
        "�\t�\u000b"
    ],
    "96": [
        "_\u0002"
    ],
    "97": [
        "`\u0002"
    ],
    "98": [
        "a\u0002"
    ],
    "99": [
        "b\u0002"
    ]
}
