{
    "1": [
        101
    ],
    "10": [
        "n"
    ],
    "11": [
        null
    ],
    "12": [
        null
    ],
    "13": [
        1
    ],
    "14": [
        "115"
    ],
    "15": [
        "116"
    ],
    "16": [
        {
            "17": [
                117
            ]
        }
    ],
    "18": [
        "\bv"
    ],
    "19": [
        "\bw"
    ],
    "2": [
        102
    ],
    "20": [
        "\bx"
    ],
    "21": [
        3
    ],
    "22": [
        6
    ],
    "23": [
        9
    ],
    "24": [
        "124"
    ],
    "25": [
        "125"
    ],
    "26": [
        "\b~"
    ],
    "27": [
        "\b"
    ],
    "3": [
        103
    ],
    "31": [
        201,
        301
    ],
    "32": [
        202,
        302
    ],
    "33": [
        203,
        303
    ],
    "34": [
        204,
        304
    ],
    "35": [
        410,
        610
    ],
    "36": [
        412,
        612
    ],
    "37": [
        "�",
        "3\u0001"
    ],
    "38": [
        "�",
        "4\u0001"
    ],
    "39": [
        "�",
        "5\u0001"
    ],
    "4": [
        104
    ],
    "40": [
        "�",
        "6\u0001"
    ],
    "41": [
        null,
        null
    ],
    "42": [
        null,
        null
    ],
    "43": [
        1,
        0
    ],
    "44": [
        "215",
        "315"
    ],
    "45": [
        "216",
        "316"
    ],
    "46": [
        {
            "47": [
                217
            ]
        },
        {
            "47": [
                317
            ]
        }
    ],
    "48": [
        "\b�\u0001",
        "\b�\u0002"
    ],
    "49": [
        "\b�\u0001",
        "\b�\u0002"
    ],
    "5": [
        210
    ],
    "50": [
        "\b�\u0001",
        "\b�\u0002"
    ],
    "51": [
        2,
        3
    ],
    "52": [
        5,
        6
    ],
    "53": [
        8,
        9
    ],
    "54": [
        "224",
        "324"
    ],
    "55": [
        "225",
        "325"
    ],
    "57": [
        "\b�\u0001",
        "\b�\u0002"
    ],
    "6": [
        212
    ],
    "61": [
        401
    ],
    "62": [
        402
    ],
    "63": [
        403
    ],
    "64": [
        404
    ],
    "65": [
        810
    ],
    "66": [
        812
    ],
    "67": [
        "�\u0001"
    ],
    "68": [
        "�\u0001"
    ],
    "69": [
        "�\u0001"
    ],
    "7": [
        "k"
    ],
    "70": [
        "�\u0001"
    ],
    "71": [
        null
    ],
    "72": [
        null
    ],
    "73": [
        0
    ],
    "74": [
        "415"
    ],
    "75": [
        "416"
    ],
    "8": [
        "l"
    ],
    "81": [
        1
    ],
    "82": [
        4
    ],
    "83": [
        7
    ],
    "84": [
        "424"
    ],
    "85": [
        "425"
    ],
    "9": [
        "m"
    ]
}
