{
    "1": [
        null
    ],
    "100": [
        31
    ],
    "12": [
        1
    ],
    "13": [
        0
    ],
    "14": [
        1
    ],
    "15": [
        "\b\u0019\u0010$zC\"?6PY4]L2c<}~2;\\TVF_w^[@YfbIc*v/N+Z-oYuaWZr4C;5ib|*s@RCBbuvrQ3g(k,N�\u0001T�C\b�\u001a\n'�\u0001&�\u0001\u0001"
    ],
    "17": [
        0
    ],
    "18": [
        "{=Qwfe~#n{"
    ],
    "2": [
        8
    ],
    "3": [
        2066379
    ],
    "4": [
        "3K+6)#"
    ],
    "67": [
        1591432
    ],
    "9": [
        "10)2uiSuoXL1^)v}icF@>P(j<t#~tz\\lg??S&(<hr7EVs'l{'5`Gohc_(=t eS s{_I?iCwaG]L'*Pu5(&w_:4{~Z"
    ]
}
