{
    "1": [
        null
    ],
    "100": [
        31
    ],
    "12": [
        1
    ],
    "13": [
        0
    ],
    "14": [
        1
    ],
    "15": [
        "081910247a43223f365059345d4c32633c7d7e323b5c5456465f775e5b4059666249632a762f4e2b5a2d6f597561575a7234433b3569627c2a734052434262757672513367286b2c4ea90154ff4308de1a0a27b00126b80101"
    ],
    "17": [
        0
    ],
    "18": [
        "7b3d517766657e236e7b"
    ],
    "2": [
        8
    ],
    "3": [
        2066379
    ],
    "4": [
        "334b2b362923"
    ],
    "67": [
        1591432
    ],
    "9": [
        "31302932756953756f584c315e29767d696346403e50286a3c74237e747a5c6c673f3f5326283c687237455673276c7b273560476f68635f283d7420655320737b5f493f69437761475d4c272a5075352826775f3a347b7e5a"
    ]
}
