{
    "laps": [
        {
            "header": [
                {
                    "ascent": [
                        275.0853271484375
                    ],
                    "descent": [
                        247.95780944824219
                    ],
                    "distance": [
                        2941.60009765625
                    ],
                    "duration": [
                        {
                            "4": [
                                875
                            ],
                            "hours": [
                                0
                            ],
                            "minutes": [
                                30
                            ],
                            "seconds": [
                                3
                            ]
                        }
                    ],
                    "split-time": [
                        {
                            "4": [
                                875
                            ],
                            "hours": [
                                0
                            ],
                            "minutes": [
                                30
                            ],
                            "seconds": [
                                3
                            ]
                        }
                    ]
                }
            ],
            "stats": [
                {
                    "heartrate": [
                        {
                            "1": [
                                153
                            ],
                            "2": [
                                179
                            ],
                            "3": [
                                74
                            ]
                        }
                    ],
                    "speed": [
                        {
                            "1": [
                                "a5dbbb40"
                            ],
                            "2": [
                                "03565e41"
                            ]
                        }
                    ]
                }
            ]
        },
        {
            "header": [
                {
                    "ascent": [
                        246.8909912109375
                    ],
                    "descent": [
                        128.93196105957031
                    ],
                    "distance": [
                        2033.9000244140625
                    ],
                    "duration": [
                        {
                            "4": [
                                250
                            ],
                            "hours": [
                                0
                            ],
                            "minutes": [
                                24
                            ],
                            "seconds": [
                                52
                            ]
                        }
                    ],
                    "split-time": [
                        {
                            "4": [
                                125
                            ],
                            "hours": [
                                0
                            ],
                            "minutes": [
                                54
                            ],
                            "seconds": [
                                56
                            ]
                        }
                    ]
                }
            ],
            "stats": [
                {
                    "heartrate": [
                        {
                            "1": [
                                165
                            ],
                            "2": [
                                178
                            ],
                            "3": [
                                143
                            ]
                        }
                    ],
                    "speed": [
                        {
                            "1": [
                                "c8039d40"
                            ],
                            "2": [
                                "b29d2741"
                            ]
                        }
                    ]
                }
            ]
        },
        {
            "header": [
                {
                    "ascent": [
                        0
                    ],
                    "descent": [
                        118.11143493652344
                    ],
                    "distance": [
                        529.70001220703125
                    ],
                    "duration": [
                        {
                            "4": [
                                500
                            ],
                            "hours": [
                                0
                            ],
                            "minutes": [
                                3
                            ],
                            "seconds": [
                                47
                            ]
                        }
                    ],
                    "split-time": [
                        {
                            "4": [
                                625
                            ],
                            "hours": [
                                0
                            ],
                            "minutes": [
                                58
                            ],
                            "seconds": [
                                43
                            ]
                        }
                    ]
                }
            ],
            "stats": [
                {
                    "heartrate": [
                        {
                            "1": [
                                144
                            ],
                            "2": [
                                151
                            ],
                            "3": [
                                135
                            ]
                        }
                    ],
                    "speed": [
                        {
                            "1": [
                                "f11c0641"
                            ],
                            "2": [
                                "aaf11a41"
                            ]
                        }
                    ]
                }
            ]
        },
        {
            "header": [
                {
                    "ascent": [
                        243.995361328125
                    ],
                    "descent": [
                        245.97657775878906
                    ],
                    "distance": [
                        2594.89990234375
                    ],
                    "duration": [
                        {
                            "4": [
                                625
                            ],
                            "hours": [
                                0
                            ],
                            "minutes": [
                                26
                            ],
                            "seconds": [
                                1
                            ]
                        }
                    ],
                    "split-time": [
                        {
                            "4": [
                                250
                            ],
                            "hours": [
                                1
                            ],
                            "minutes": [
                                24
                            ],
                            "seconds": [
                                45
                            ]
                        }
                    ]
                }
            ],
            "stats": [
                {
                    "heartrate": [
                        {
                            "1": [
                                172
                            ],
                            "2": [
                                181
                            ],
                            "3": [
                                150
                            ]
                        }
                    ],
                    "speed": [
                        {
                            "1": [
                                "8a6cbf40"
                            ],
                            "2": [
                                "3f354e41"
                            ]
                        }
                    ]
                }
            ]
        },
        {
            "header": [
                {
                    "ascent": [
                        0
                    ],
                    "descent": [
                        40.081687927246094
                    ],
                    "distance": [
                        383.79998779296875
                    ],
                    "duration": [
                        {
                            "4": [
                                500
                            ],
                            "hours": [
                                0
                            ],
                            "minutes": [
                                2
                            ],
                            "seconds": [
                                33
                            ]
                        }
                    ],
                    "split-time": [
                        {
                            "4": [
                                750
                            ],
                            "hours": [
                                1
                            ],
                            "minutes": [
                                27
                            ],
                            "seconds": [
                                18
                            ]
                        }
                    ]
                }
            ],
            "stats": [
                {
                    "heartrate": [
                        {
                            "1": [
                                158
                            ],
                            "2": [
                                169
                            ],
                            "3": [
                                150
                            ]
                        }
                    ],
                    "speed": [
                        {
                            "1": [
                                "ce041041"
                            ],
                            "2": [
                                "72683141"
                            ]
                        }
                    ]
                }
            ]
        }
    ],
    "summary": [
        {
            "average-duration": [
                {
                    "4": [
                        312
                    ],
                    "hours": [
                        0
                    ],
                    "minutes": [
                        21
                    ],
                    "seconds": [
                        11
                    ]
                }
            ],
            "best-duration": [
                {
                    "4": [
                        500
                    ],
                    "hours": [
                        0
                    ],
                    "minutes": [
                        3
                    ],
                    "seconds": [
                        47
                    ]
                }
            ]
        }
    ]
}
