{
    "heartrate": [
        {
            "duration": [
                {
                    "hours": [
                        0
                    ],
                    "minutes": [
                        21
                    ],
                    "seconds": [
                        21
                    ]
                }
            ],
            "limits": [
                {
                    "high": [
                        111
                    ],
                    "low": [
                        93
                    ]
                }
            ]
        },
        {
            "duration": [
                {
                    "hours": [
                        0
                    ],
                    "minutes": [
                        3
                    ],
                    "seconds": [
                        53
                    ]
                }
            ],
            "limits": [
                {
                    "high": [
                        130
                    ],
                    "low": [
                        111
                    ]
                }
            ]
        },
        {
            "duration": [
                {
                    "hours": [
                        0
                    ],
                    "minutes": [
                        18
                    ],
                    "seconds": [
                        16
                    ]
                }
            ],
            "limits": [
                {
                    "high": [
                        148
                    ],
                    "low": [
                        130
                    ]
                }
            ]
        },
        {
            "duration": [
                {
                    "hours": [
                        0
                    ],
                    "minutes": [
                        10
                    ],
                    "seconds": [
                        57
                    ]
                }
            ],
            "limits": [
                {
                    "high": [
                        167
                    ],
                    "low": [
                        148
                    ]
                }
            ]
        },
        {
            "duration": [
                {
                    "hours": [
                        0
                    ],
                    "minutes": [
                        0
                    ],
                    "seconds": [
                        0
                    ]
                }
            ],
            "limits": [
                {
                    "high": [
                        185
                    ],
                    "low": [
                        167
                    ]
                }
            ]
        }
    ],
    "heartrate-source": [
        0
    ]
}
