{
    "altitude": [
        {
            "average": [
                43.239337921142578
            ],
            "maximum": [
                45.415752410888672
            ],
            "minimum": [
                40.386489868164062
            ]
        }
    ],
    "cadence": [
        {
            "2": [
                89
            ],
            "maximum": [
                82
            ]
        }
    ],
    "heartrate": [
        {
            "average": [
                167
            ],
            "maximum": [
                189
            ],
            "minimum": [
                139
            ]
        }
    ],
    "speed": [
        {
            "average": [
                10.214273452758789
            ],
            "maximum": [
                14.145825386047363
            ]
        }
    ],
    "stride": [
        {
            "2": [
                142
            ],
            "maximum": [
                104
            ]
        }
    ],
    "temperature": [
        {
            "average": [
                21.574859619140625
            ],
            "maximum": [
                27.850000381469727
            ],
            "minimum": [
                19.350000381469727
            ]
        }
    ]
}
