{
    "altitude": [
        {
            "average": [
                396.57357788085938
            ],
            "maximum": [
                529.2916259765625
            ],
            "minimum": [
                349.30502319335938
            ]
        }
    ],
    "cadence": [
        {
            "average": [
                90
            ],
            "maximum": [
                114
            ]
        }
    ],
    "heartrate": [
        {
            "average": [
                149
            ],
            "maximum": [
                175
            ],
            "minimum": [
                86
            ]
        }
    ],
    "power": [
        {
            "average": [
                191
            ],
            "maximum": [
                642
            ]
        }
    ],
    "speed": [
        {
            "average": [
                25.152145385742188
            ],
            "maximum": [
                60.899997711181641
            ]
        }
    ],
    "temperature": [
        {
            "average": [
                19.59412956237793
            ],
            "maximum": [
                28.600000381469727
            ],
            "minimum": [
                16.5
            ]
        }
    ]
}
