{
    "aerobic-threshold": [
        {
            "modified": [
                {
                    "date": [
                        {
                            "day": [
                                4
                            ],
                            "month": [
                                8
                            ],
                            "year": [
                                2014
                            ]
                        }
                    ],
                    "time": [
                        {
                            "hour": [
                                9
                            ],
                            "milliseconds": [
                                159
                            ],
                            "minute": [
                                0
                            ],
                            "seconds": [
                                43
                            ]
                        }
                    ],
                    "trusted": [
                        0
                    ]
                }
            ],
            "source": [
                2
            ],
            "value": [
                139
            ]
        }
    ],
    "anaerobic-threshold": [
        {
            "modified": [
                {
                    "date": [
                        {
                            "day": [
                                4
                            ],
                            "month": [
                                8
                            ],
                            "year": [
                                2014
                            ]
                        }
                    ],
                    "time": [
                        {
                            "hour": [
                                9
                            ],
                            "milliseconds": [
                                159
                            ],
                            "minute": [
                                0
                            ],
                            "seconds": [
                                43
                            ]
                        }
                    ],
                    "trusted": [
                        0
                    ]
                }
            ],
            "source": [
                2
            ],
            "value": [
                167
            ]
        }
    ],
    "birthday": [
        {
            "modified": [
                {
                    "date": [
                        {
                            "day": [
                                4
                            ],
                            "month": [
                                8
                            ],
                            "year": [
                                2014
                            ]
                        }
                    ],
                    "time": [
                        {
                            "hour": [
                                9
                            ],
                            "milliseconds": [
                                159
                            ],
                            "minute": [
                                0
                            ],
                            "seconds": [
                                43
                            ]
                        }
                    ],
                    "trusted": [
                        0
                    ]
                }
            ],
            "value": [
                {
                    "day": [
                        15
                    ],
                    "month": [
                        7
                    ],
                    "year": [
                        1978
                    ]
                }
            ]
        }
    ],
    "gender": [
        {
            "modified": [
                {
                    "date": [
                        {
                            "day": [
                                4
                            ],
                            "month": [
                                8
                            ],
                            "year": [
                                2014
                            ]
                        }
                    ],
                    "time": [
                        {
                            "hour": [
                                9
                            ],
                            "milliseconds": [
                                159
                            ],
                            "minute": [
                                0
                            ],
                            "seconds": [
                                43
                            ]
                        }
                    ],
                    "trusted": [
                        0
                    ]
                }
            ],
            "value": [
                1
            ]
        }
    ],
    "height": [
        {
            "modified": [
                {
                    "date": [
                        {
                            "day": [
                                4
                            ],
                            "month": [
                                8
                            ],
                            "year": [
                                2014
                            ]
                        }
                    ],
                    "time": [
                        {
                            "hour": [
                                9
                            ],
                            "milliseconds": [
                                159
                            ],
                            "minute": [
                                0
                            ],
                            "seconds": [
                                43
                            ]
                        }
                    ],
                    "trusted": [
                        0
                    ]
                }
            ],
            "value": [
                169
            ]
        }
    ],
    "maximum-heartrate": [
        {
            "modified": [
                {
                    "date": [
                        {
                            "day": [
                                4
                            ],
                            "month": [
                                8
                            ],
                            "year": [
                                2014
                            ]
                        }
                    ],
                    "time": [
                        {
                            "hour": [
                                9
                            ],
                            "milliseconds": [
                                159
                            ],
                            "minute": [
                                0
                            ],
                            "seconds": [
                                43
                            ]
                        }
                    ],
                    "trusted": [
                        0
                    ]
                }
            ],
            "source": [
                2
            ],
            "value": [
                185
            ]
        }
    ],
    "modified": [
        {
            "date": [
                {
                    "day": [
                        4
                    ],
                    "month": [
                        8
                    ],
                    "year": [
                        2014
                    ]
                }
            ],
            "time": [
                {
                    "hour": [
                        9
                    ],
                    "milliseconds": [
                        159
                    ],
                    "minute": [
                        0
                    ],
                    "seconds": [
                        43
                    ]
                }
            ],
            "trusted": [
                1
            ]
        }
    ],
    "resting-heartrate": [
        {
            "modified": [
                {
                    "date": [
                        {
                            "day": [
                                4
                            ],
                            "month": [
                                8
                            ],
                            "year": [
                                2014
                            ]
                        }
                    ],
                    "time": [
                        {
                            "hour": [
                                9
                            ],
                            "milliseconds": [
                                159
                            ],
                            "minute": [
                                0
                            ],
                            "seconds": [
                                43
                            ]
                        }
                    ],
                    "trusted": [
                        0
                    ]
                }
            ],
            "source": [
                2
            ],
            "value": [
                55
            ]
        }
    ],
    "training-background": [
        {
            "modified": [
                {
                    "date": [
                        {
                            "day": [
                                18
                            ],
                            "month": [
                                6
                            ],
                            "year": [
                                2014
                            ]
                        }
                    ],
                    "time": [
                        {
                            "hour": [
                                2
                            ],
                            "milliseconds": [
                                0
                            ],
                            "minute": [
                                19
                            ],
                            "seconds": [
                                59
                            ]
                        }
                    ],
                    "trusted": [
                        0
                    ]
                }
            ],
            "value": [
                30
            ]
        }
    ],
    "vo2max": [
        {
            "modified": [
                {
                    "date": [
                        {
                            "day": [
                                4
                            ],
                            "month": [
                                8
                            ],
                            "year": [
                                2014
                            ]
                        }
                    ],
                    "time": [
                        {
                            "hour": [
                                9
                            ],
                            "milliseconds": [
                                159
                            ],
                            "minute": [
                                0
                            ],
                            "seconds": [
                                43
                            ]
                        }
                    ],
                    "trusted": [
                        0
                    ]
                }
            ],
            "source": [
                2
            ],
            "value": [
                48
            ]
        }
    ],
    "weekly-recovery": [
        {
            "modified": [
                {
                    "date": [
                        {
                            "day": [
                                4
                            ],
                            "month": [
                                8
                            ],
                            "year": [
                                2014
                            ]
                        }
                    ],
                    "time": [
                        {
                            "hour": [
                                8
                            ],
                            "milliseconds": [
                                0
                            ],
                            "minute": [
                                50
                            ],
                            "seconds": [
                                40
                            ]
                        }
                    ],
                    "trusted": [
                        0
                    ]
                }
            ],
            "value": [
                40.10434341430664
            ]
        }
    ],
    "weight": [
        {
            "modified": [
                {
                    "date": [
                        {
                            "day": [
                                4
                            ],
                            "month": [
                                8
                            ],
                            "year": [
                                2014
                            ]
                        }
                    ],
                    "time": [
                        {
                            "hour": [
                                9
                            ],
                            "milliseconds": [
                                159
                            ],
                            "minute": [
                                0
                            ],
                            "seconds": [
                                43
                            ]
                        }
                    ],
                    "trusted": [
                        0
                    ]
                }
            ],
            "value": [
                72
            ]
        }
    ]
}
