{
    "altitude": [
        {
            "average": [
                368.58877563476562
            ],
            "maximum": [
                528.6820068359375
            ],
            "minimum": [
                181.66300964355469
            ]
        }
    ],
    "heartrate": [
        {
            "average": [
                119
            ],
            "maximum": [
                161
            ],
            "minimum": [
                85
            ]
        }
    ],
    "speed": [
        {
            "2": [
                "3f350641"
            ],
            "maximum": [
                4.219667911529541
            ]
        }
    ],
    "temperature": [
        {
            "average": [
                24.811319351196289
            ],
            "maximum": [
                32.349998474121094
            ],
            "minimum": [
                21.399999618530273
            ]
        }
    ]
}
