{
    "calories": [
        2
    ],
    "duration": [
        {
            "hours": [
                0
            ],
            "milliseconds": [
                750
            ],
            "minutes": [
                0
            ],
            "seconds": [
                35
            ]
        }
    ],
    "sensors": [
        1,
        2,
        3,
        4,
        20,
        21,
        6,
        7,
        8,
        11,
        13,
        14,
        15,
        16,
        17,
        18,
        19,
        26,
        27,
        6
    ],
    "sport": [
        {
            "value": [
                18
            ]
        }
    ],
    "start": [
        {
            "3": [
                0
            ],
            "date": [
                {
                    "day": [
                        29
                    ],
                    "month": [
                        12
                    ],
                    "year": [
                        2014
                    ]
                }
            ],
            "offset": [
                60
            ],
            "time": [
                {
                    "hour": [
                        12
                    ],
                    "milliseconds": [
                        0
                    ],
                    "minute": [
                        58
                    ],
                    "seconds": [
                        44
                    ]
                }
            ]
        }
    ],
    "training-load": [
        {
            "load-value": [
                0
            ],
            "recovery-time": [
                {
                    "hours": [
                        0
                    ],
                    "milliseconds": [
                        0
                    ],
                    "minutes": [
                        2
                    ],
                    "seconds": [
                        0
                    ]
                }
            ]
        }
    ]
}
