{
    "calories": [
        2
    ],
    "device": [
        "31A1881C"
    ],
    "duration": [
        {
            "hours": [
                0
            ],
            "milliseconds": [
                750
            ],
            "minutes": [
                0
            ],
            "seconds": [
                35
            ]
        }
    ],
    "end": [
        {
            "date": [
                {
                    "day": [
                        29
                    ],
                    "month": [
                        12
                    ],
                    "year": [
                        2014
                    ]
                }
            ],
            "offset": [
                60
            ],
            "time": [
                {
                    "hour": [
                        12
                    ],
                    "milliseconds": [
                        0
                    ],
                    "minute": [
                        59
                    ],
                    "seconds": [
                        31
                    ]
                }
            ],
            "trusted": [
                0
            ]
        }
    ],
    "exercise-count": [
        1
    ],
    "model": [
        "Polar V800"
    ],
    "session-name": [
        {
            "text": [
                "Inomhuscykling"
            ]
        }
    ],
    "start": [
        {
            "date": [
                {
                    "day": [
                        29
                    ],
                    "month": [
                        12
                    ],
                    "year": [
                        2014
                    ]
                }
            ],
            "offset": [
                60
            ],
            "time": [
                {
                    "hour": [
                        12
                    ],
                    "milliseconds": [
                        0
                    ],
                    "minute": [
                        58
                    ],
                    "seconds": [
                        44
                    ]
                }
            ],
            "trusted": [
                0
            ]
        }
    ],
    "training-load": [
        {
            "load-value": [
                0
            ],
            "recovery-time": [
                {
                    "hours": [
                        0
                    ],
                    "milliseconds": [
                        0
                    ],
                    "minutes": [
                        2
                    ],
                    "seconds": [
                        0
                    ]
                }
            ]
        }
    ]
}
