{
    "22": [
        "0800100218edc401204628d80130da0238a201",
        "0800100218edc401204628d80130da0238a201",
        "0800100218edc401",
        "0800100218edc401",
        "0800100218edc401",
        "0800100318abeb01204728d50130c502385e40d801481b",
        "080c100418e3f50120b501289301309002386b40c4014812",
        "081e1005188c810220af0128d70130b002387540d3014818",
        "081e1005188c810220af0128d70130b002387540d3014818",
        "080a100618d18d0220b10128a70130a002386d40c1014818",
        "0832100718819a02204d28f40130c30238830140f8014818",
        "0832100718819a02204d28f40130c30238830140f8014818",
        "0851100918b1aa02204f288c0230b702386540df01481f",
        "083e100a18b9b102206928ed01309e02386340d3014818",
        "0830100b18aeb802209f0128dd01308d02386140d4014814",
        "08e8ffffffffffffffff01100c1885bc02203928f3ffffffffffffffff01300d382d",
        "0813100d18bfc402202b285230dd02389101408e024823",
        "084c100e18a7cc02201f28f50130c702385a40e2014817",
        "08421010189cda02203128cf0130db02385c40a0024821",
        "0847101118dce002203528c80130cd02385940fc01481c",
        "08411012188de702202f28c70130b102386340df014824",
        "083a101318b0ed02203128a40130db02385e40dd01481e",
        "083f101518d5f902203328ac0130d402386640d3014810",
        "083e101618e1ff02204f28be01308802387040dd014819",
        "082c101718ed8503205728a201309302387b40d2014824",
        "082d101918dc9203207d28a901309f02387040dd014819",
        "0800101a18a19a0320a701286530fa01386e40c5014816",
        "0800101a18a19a0320a701286530fa01386e40c5014816",
        "0805101c1892ad03209502286f30d40238800140dc014816",
        "089e01101e18d6ba0320890128bf0430cb02387a40d701481d",
        "088c01101f18bdbf0320cd0128e80330c40238830140d6014815",
        "08850110211897c80320f10128c102309002385840d301481b",
        "082f1023189ed103208101288c0130a202385b40e9014821",
        "0800102418f6d20320632819300638d20140e901488301",
        "0800102418f6d203",
        "0800102518f0e70320b50128c3ffffffffffffffff01301c38d302"
    ],
    "24": [
        "0800100118f352",
        "0800100118f352",
        "0800100118f352",
        "0800100218e9dd01209b01289e0230c802386940d7014830",
        "081e100318d8e701206d28a50130a502386b40e201481b",
        "0819100418eff10120990128a50130b102387f40e3014817",
        "0819100418eff10120990128a50130b102387f40e3014817",
        "0819100418eff10120990128a50130b102387f40e3014817",
        "081f100518a0fd0120a70128de0130b302387a40e201481c",
        "0815100618d0890220b30128ad0130bf02387840df014822",
        "0815100618d0890220b30128ad0130bf02387840df014822",
        "083310071893960220830128db0230c202387940f801482f",
        "083d100818e99e02203728aa0230e302387540f8014828",
        "083d100818e99e02203728aa0230e302387540f8014828",
        "0847100918c3a602203528f80130aa02386e40f6014829",
        "0847100a18d0ad02203528ee0130fe01387540eb014818",
        "083a100b18b4b402203928ca01308f02386a40e801481c",
        "081d100c18bdc002203b28a801301438970140d002484b",
        "0846100d1886c802200f28d6013003387d40c8024826",
        "0846100d1886c802200f28d6013003387d40c8024826",
        "084d101218a0e902200f28bb01309e02387240f401481e",
        "084a101318acef02201128ae01309d02387940f2014822",
        "0841101418c6f5022025289e0130a602387e40e6014829",
        "084a101518b3fb02201d28a30130b202387f4084024824",
        "0845101718d28703200b2896013097023879408102481f",
        "0806101818af8e0320c501285d309f02387c40e401482d",
        "080f101918fa950320ad01287230a002386640da014820",
        "0813101a18da9e032083012872309702386540db014819",
        "0858101b18eda80320950128c30330a60238810140d8014819",
        "0871101c1894b003206928b90430c80238950140db01483a",
        "089301101d1884b603207728aa043008388f0140e9014835",
        "0874101f189fbf0320a10128df02309602386640d8014829",
        "082f10211889c8032077288201308a02386e40ed014833",
        "0800102318abce032039281830e60238d2014098024833",
        "0800102318abce032039281830e60238d2014098024833",
        "0800102318abce03"
    ],
    "28": [
        "0a039f9902",
        "12150a080800100018002000120908001000182320e707"
    ],
    "cadence": [
        0,
        0,
        0,
        0,
        0,
        0,
        0,
        0,
        0,
        39,
        39,
        39,
        47,
        47,
        55,
        61,
        66,
        53,
        58,
        58,
        75,
        77,
        77,
        80,
        79,
        75,
        69,
        62,
        55,
        60,
        71,
        96,
        106,
        106,
        51,
        26
    ],
    "cadence-offline": [
        {
            "start-index": [
                0
            ],
            "stop-index": [
                2
            ]
        }
    ],
    "distance": [
        0,
        0,
        0,
        0,
        0,
        0,
        0,
        0,
        0,
        0,
        0,
        0,
        0,
        0,
        0,
        0,
        0,
        0,
        0,
        0,
        0,
        0,
        0,
        0,
        0,
        0,
        0,
        0,
        0,
        0,
        0,
        0,
        0,
        0,
        0,
        0
    ],
    "distance-offline": [
        {
            "start-index": [
                0
            ],
            "stop-index": [
                35
            ]
        }
    ],
    "heartrate": [
        0,
        0,
        0,
        0,
        0,
        0,
        0,
        0,
        0,
        0,
        0,
        0,
        0,
        0,
        0,
        0,
        0,
        0,
        0,
        0,
        0,
        0,
        0,
        0,
        0,
        0,
        0,
        0,
        0,
        0,
        0,
        0,
        0,
        0,
        0,
        0
    ],
    "heartrate-offline": [
        {
            "start-index": [
                0
            ],
            "stop-index": [
                35
            ]
        }
    ],
    "record-interval": [
        {
            "seconds": [
                1
            ]
        }
    ],
    "speed": [
        0,
        0,
        0,
        0,
        0,
        0,
        0,
        0,
        0,
        0,
        0,
        0,
        0,
        0,
        0,
        0,
        0,
        0,
        0,
        0,
        0,
        0,
        0,
        0,
        0,
        0,
        0,
        0,
        0,
        0,
        0,
        0,
        0,
        0,
        0,
        0
    ],
    "speed-offline": [
        {
            "start-index": [
                0
            ],
            "stop-index": [
                35
            ]
        }
    ],
    "stride-calibration": [
        {
            "cause": [
                1
            ],
            "operation": [
                1
            ],
            "start-index": [
                0
            ],
            "value": [
                1
            ]
        }
    ],
    "stride-length": [
        0,
        0,
        0,
        0,
        0,
        0,
        0,
        0,
        0,
        0,
        0,
        0,
        0,
        0,
        0,
        0,
        0,
        0,
        0,
        0,
        0,
        0,
        0,
        0,
        0,
        0,
        0,
        0,
        0,
        0,
        0,
        0,
        0,
        0,
        0,
        0
    ],
    "stride-offline": [
        {
            "start-index": [
                0
            ],
            "stop-index": [
                35
            ]
        }
    ],
    "temperature": [
        31.450000762939453,
        31.549999237060547,
        31.5,
        31.549999237060547,
        31.549999237060547,
        31.450000762939453,
        31.5,
        31.5,
        31.5,
        31.549999237060547,
        31.5,
        31.549999237060547,
        31.549999237060547,
        31.549999237060547,
        31.5,
        31.450000762939453,
        31.549999237060547,
        31.5,
        31.549999237060547,
        31.549999237060547,
        31.450000762939453,
        31.549999237060547,
        31.549999237060547,
        31.450000762939453,
        31.549999237060547,
        31.549999237060547,
        31.450000762939453,
        31.5,
        31.5,
        31.549999237060547,
        31.549999237060547,
        31.450000762939453,
        31.549999237060547,
        31.5,
        31.5,
        31.549999237060547
    ]
}
