{
    "laps": [
        {
            "header": [
                {
                    "ascent": [
                        765.9716796875
                    ],
                    "descent": [
                        781.0594482421875
                    ],
                    "distance": [
                        8467.599609375
                    ],
                    "duration": [
                        {
                            "hours": [
                                1
                            ],
                            "milliseconds": [
                                750
                            ],
                            "minutes": [
                                27
                            ],
                            "seconds": [
                                2
                            ]
                        }
                    ],
                    "lap-type": [
                        3
                    ],
                    "split-time": [
                        {
                            "hours": [
                                1
                            ],
                            "milliseconds": [
                                750
                            ],
                            "minutes": [
                                27
                            ],
                            "seconds": [
                                2
                            ]
                        }
                    ]
                }
            ],
            "stats": [
                {
                    "heartrate": [
                        {
                            "average": [
                                162
                            ],
                            "maximum": [
                                181
                            ],
                            "minimum": [
                                74
                            ]
                        }
                    ],
                    "speed": [
                        {
                            "average": [
                                5.8366494178771973
                            ],
                            "maximum": [
                                13.895998954772949
                            ]
                        }
                    ]
                }
            ]
        }
    ],
    "summary": [
        {
            "average-duration": [
                {
                    "hours": [
                        1
                    ],
                    "milliseconds": [
                        750
                    ],
                    "minutes": [
                        27
                    ],
                    "seconds": [
                        2
                    ]
                }
            ],
            "best-duration": [
                {
                    "hours": [
                        1
                    ],
                    "milliseconds": [
                        750
                    ],
                    "minutes": [
                        27
                    ],
                    "seconds": [
                        2
                    ]
                }
            ]
        }
    ]
}
