{
    "aerobic-threshold": [
        {
            "modified": [
                {
                    "3": [
                        0
                    ],
                    "date": [
                        {
                            "day": [
                                6
                            ],
                            "month": [
                                7
                            ],
                            "year": [
                                2014
                            ]
                        }
                    ],
                    "time": [
                        {
                            "hour": [
                                1
                            ],
                            "milliseconds": [
                                949
                            ],
                            "minute": [
                                29
                            ],
                            "seconds": [
                                57
                            ]
                        }
                    ]
                }
            ],
            "source": [
                2
            ],
            "value": [
                139
            ]
        }
    ],
    "anaerobic-threshold": [
        {
            "modified": [
                {
                    "3": [
                        0
                    ],
                    "date": [
                        {
                            "day": [
                                6
                            ],
                            "month": [
                                7
                            ],
                            "year": [
                                2014
                            ]
                        }
                    ],
                    "time": [
                        {
                            "hour": [
                                1
                            ],
                            "milliseconds": [
                                949
                            ],
                            "minute": [
                                29
                            ],
                            "seconds": [
                                57
                            ]
                        }
                    ]
                }
            ],
            "source": [
                2
            ],
            "value": [
                167
            ]
        }
    ],
    "birthday": [
        {
            "modified": [
                {
                    "3": [
                        0
                    ],
                    "date": [
                        {
                            "day": [
                                6
                            ],
                            "month": [
                                7
                            ],
                            "year": [
                                2014
                            ]
                        }
                    ],
                    "time": [
                        {
                            "hour": [
                                1
                            ],
                            "milliseconds": [
                                949
                            ],
                            "minute": [
                                29
                            ],
                            "seconds": [
                                57
                            ]
                        }
                    ]
                }
            ],
            "value": [
                {
                    "day": [
                        15
                    ],
                    "month": [
                        7
                    ],
                    "year": [
                        1978
                    ]
                }
            ]
        }
    ],
    "gender": [
        {
            "modified": [
                {
                    "3": [
                        0
                    ],
                    "date": [
                        {
                            "day": [
                                6
                            ],
                            "month": [
                                7
                            ],
                            "year": [
                                2014
                            ]
                        }
                    ],
                    "time": [
                        {
                            "hour": [
                                1
                            ],
                            "milliseconds": [
                                949
                            ],
                            "minute": [
                                29
                            ],
                            "seconds": [
                                57
                            ]
                        }
                    ]
                }
            ],
            "value": [
                1
            ]
        }
    ],
    "height": [
        {
            "modified": [
                {
                    "3": [
                        0
                    ],
                    "date": [
                        {
                            "day": [
                                6
                            ],
                            "month": [
                                7
                            ],
                            "year": [
                                2014
                            ]
                        }
                    ],
                    "time": [
                        {
                            "hour": [
                                1
                            ],
                            "milliseconds": [
                                949
                            ],
                            "minute": [
                                29
                            ],
                            "seconds": [
                                57
                            ]
                        }
                    ]
                }
            ],
            "value": [
                169
            ]
        }
    ],
    "maximum-heartrate": [
        {
            "modified": [
                {
                    "3": [
                        0
                    ],
                    "date": [
                        {
                            "day": [
                                6
                            ],
                            "month": [
                                7
                            ],
                            "year": [
                                2014
                            ]
                        }
                    ],
                    "time": [
                        {
                            "hour": [
                                1
                            ],
                            "milliseconds": [
                                949
                            ],
                            "minute": [
                                29
                            ],
                            "seconds": [
                                57
                            ]
                        }
                    ]
                }
            ],
            "source": [
                2
            ],
            "value": [
                185
            ]
        }
    ],
    "modified": [
        {
            "3": [
                1
            ],
            "date": [
                {
                    "day": [
                        6
                    ],
                    "month": [
                        7
                    ],
                    "year": [
                        2014
                    ]
                }
            ],
            "time": [
                {
                    "hour": [
                        1
                    ],
                    "milliseconds": [
                        949
                    ],
                    "minute": [
                        29
                    ],
                    "seconds": [
                        57
                    ]
                }
            ]
        }
    ],
    "resting-heartrate": [
        {
            "modified": [
                {
                    "3": [
                        0
                    ],
                    "date": [
                        {
                            "day": [
                                6
                            ],
                            "month": [
                                7
                            ],
                            "year": [
                                2014
                            ]
                        }
                    ],
                    "time": [
                        {
                            "hour": [
                                1
                            ],
                            "milliseconds": [
                                949
                            ],
                            "minute": [
                                29
                            ],
                            "seconds": [
                                57
                            ]
                        }
                    ]
                }
            ],
            "source": [
                2
            ],
            "value": [
                55
            ]
        }
    ],
    "training-background": [
        {
            "modified": [
                {
                    "3": [
                        0
                    ],
                    "date": [
                        {
                            "day": [
                                18
                            ],
                            "month": [
                                6
                            ],
                            "year": [
                                2014
                            ]
                        }
                    ],
                    "time": [
                        {
                            "hour": [
                                2
                            ],
                            "milliseconds": [
                                0
                            ],
                            "minute": [
                                19
                            ],
                            "seconds": [
                                59
                            ]
                        }
                    ]
                }
            ],
            "value": [
                30
            ]
        }
    ],
    "vo2max": [
        {
            "modified": [
                {
                    "3": [
                        0
                    ],
                    "date": [
                        {
                            "day": [
                                6
                            ],
                            "month": [
                                7
                            ],
                            "year": [
                                2014
                            ]
                        }
                    ],
                    "time": [
                        {
                            "hour": [
                                1
                            ],
                            "milliseconds": [
                                949
                            ],
                            "minute": [
                                29
                            ],
                            "seconds": [
                                57
                            ]
                        }
                    ]
                }
            ],
            "source": [
                2
            ],
            "value": [
                48
            ]
        }
    ],
    "weekly-recovery": [
        {
            "modified": [
                {
                    "3": [
                        0
                    ],
                    "date": [
                        {
                            "day": [
                                2
                            ],
                            "month": [
                                5
                            ],
                            "year": [
                                2014
                            ]
                        }
                    ],
                    "time": [
                        {
                            "hour": [
                                22
                            ],
                            "milliseconds": [
                                0
                            ],
                            "minute": [
                                41
                            ],
                            "seconds": [
                                52
                            ]
                        }
                    ]
                }
            ],
            "value": [
                30
            ]
        }
    ],
    "weight": [
        {
            "modified": [
                {
                    "3": [
                        0
                    ],
                    "date": [
                        {
                            "day": [
                                6
                            ],
                            "month": [
                                7
                            ],
                            "year": [
                                2014
                            ]
                        }
                    ],
                    "time": [
                        {
                            "hour": [
                                1
                            ],
                            "milliseconds": [
                                949
                            ],
                            "minute": [
                                29
                            ],
                            "seconds": [
                                57
                            ]
                        }
                    ]
                }
            ],
            "value": [
                72
            ]
        }
    ]
}
