{
    "altitude": [
        {
            "average": [
                317.62234497070312
            ],
            "maximum": [
                456.90072631835938
            ],
            "minimum": [
                165.96560668945312
            ]
        }
    ],
    "heartrate": [
        {
            "average": [
                162
            ],
            "maximum": [
                181
            ],
            "minimum": [
                74
            ]
        }
    ],
    "speed": [
        {
            "average": [
                5.830024242401123
            ],
            "maximum": [
                13.895998954772949
            ]
        }
    ],
    "temperature": [
        {
            "average": [
                20.688283920288086
            ],
            "maximum": [
                29.850000381469727
            ],
            "minimum": [
                16.75
            ]
        }
    ]
}
