{
    "laps": [
        {
            "header": [
                {
                    "ascent": [
                        275.0853271484375
                    ],
                    "descent": [
                        247.95780944824219
                    ],
                    "distance": [
                        2941.60009765625
                    ],
                    "duration": [
                        {
                            "hours": [
                                0
                            ],
                            "milliseconds": [
                                875
                            ],
                            "minutes": [
                                30
                            ],
                            "seconds": [
                                3
                            ]
                        }
                    ],
                    "split-time": [
                        {
                            "hours": [
                                0
                            ],
                            "milliseconds": [
                                875
                            ],
                            "minutes": [
                                30
                            ],
                            "seconds": [
                                3
                            ]
                        }
                    ]
                }
            ],
            "stats": [
                {
                    "heartrate": [
                        {
                            "average": [
                                153
                            ],
                            "maximum": [
                                179
                            ],
                            "minimum": [
                                74
                            ]
                        }
                    ],
                    "speed": [
                        {
                            "average": [
                                5.8705620765686035
                            ],
                            "maximum": [
                                13.895998954772949
                            ]
                        }
                    ]
                }
            ]
        },
        {
            "header": [
                {
                    "ascent": [
                        246.8909912109375
                    ],
                    "descent": [
                        128.93196105957031
                    ],
                    "distance": [
                        2033.9000244140625
                    ],
                    "duration": [
                        {
                            "hours": [
                                0
                            ],
                            "milliseconds": [
                                250
                            ],
                            "minutes": [
                                24
                            ],
                            "seconds": [
                                52
                            ]
                        }
                    ],
                    "split-time": [
                        {
                            "hours": [
                                0
                            ],
                            "milliseconds": [
                                125
                            ],
                            "minutes": [
                                54
                            ],
                            "seconds": [
                                56
                            ]
                        }
                    ]
                }
            ],
            "stats": [
                {
                    "heartrate": [
                        {
                            "average": [
                                165
                            ],
                            "maximum": [
                                178
                            ],
                            "minimum": [
                                143
                            ]
                        }
                    ],
                    "speed": [
                        {
                            "average": [
                                4.9067115783691406
                            ],
                            "maximum": [
                                10.47599983215332
                            ]
                        }
                    ]
                }
            ]
        },
        {
            "header": [
                {
                    "ascent": [
                        0
                    ],
                    "descent": [
                        118.11143493652344
                    ],
                    "distance": [
                        529.70001220703125
                    ],
                    "duration": [
                        {
                            "hours": [
                                0
                            ],
                            "milliseconds": [
                                500
                            ],
                            "minutes": [
                                3
                            ],
                            "seconds": [
                                47
                            ]
                        }
                    ],
                    "split-time": [
                        {
                            "hours": [
                                0
                            ],
                            "milliseconds": [
                                625
                            ],
                            "minutes": [
                                58
                            ],
                            "seconds": [
                                43
                            ]
                        }
                    ]
                }
            ],
            "stats": [
                {
                    "heartrate": [
                        {
                            "average": [
                                144
                            ],
                            "maximum": [
                                151
                            ],
                            "minimum": [
                                135
                            ]
                        }
                    ],
                    "speed": [
                        {
                            "average": [
                                8.3820657730102539
                            ],
                            "maximum": [
                                9.6840000152587891
                            ]
                        }
                    ]
                }
            ]
        },
        {
            "header": [
                {
                    "ascent": [
                        243.995361328125
                    ],
                    "descent": [
                        245.97657775878906
                    ],
                    "distance": [
                        2594.89990234375
                    ],
                    "duration": [
                        {
                            "hours": [
                                0
                            ],
                            "milliseconds": [
                                625
                            ],
                            "minutes": [
                                26
                            ],
                            "seconds": [
                                1
                            ]
                        }
                    ],
                    "split-time": [
                        {
                            "hours": [
                                1
                            ],
                            "milliseconds": [
                                250
                            ],
                            "minutes": [
                                24
                            ],
                            "seconds": [
                                45
                            ]
                        }
                    ]
                }
            ],
            "stats": [
                {
                    "heartrate": [
                        {
                            "average": [
                                172
                            ],
                            "maximum": [
                                181
                            ],
                            "minimum": [
                                150
                            ]
                        }
                    ],
                    "speed": [
                        {
                            "average": [
                                5.981999397277832
                            ],
                            "maximum": [
                                12.887999534606934
                            ]
                        }
                    ]
                }
            ]
        },
        {
            "header": [
                {
                    "ascent": [
                        0
                    ],
                    "descent": [
                        40.081687927246094
                    ],
                    "distance": [
                        383.79998779296875
                    ],
                    "duration": [
                        {
                            "hours": [
                                0
                            ],
                            "milliseconds": [
                                500
                            ],
                            "minutes": [
                                2
                            ],
                            "seconds": [
                                33
                            ]
                        }
                    ],
                    "split-time": [
                        {
                            "hours": [
                                1
                            ],
                            "milliseconds": [
                                750
                            ],
                            "minutes": [
                                27
                            ],
                            "seconds": [
                                18
                            ]
                        }
                    ]
                }
            ],
            "stats": [
                {
                    "heartrate": [
                        {
                            "average": [
                                158
                            ],
                            "maximum": [
                                169
                            ],
                            "minimum": [
                                150
                            ]
                        }
                    ],
                    "speed": [
                        {
                            "average": [
                                9.0011730194091797
                            ],
                            "maximum": [
                                11.08799934387207
                            ]
                        }
                    ]
                }
            ]
        }
    ],
    "summary": [
        {
            "average-duration": [
                {
                    "hours": [
                        0
                    ],
                    "milliseconds": [
                        312
                    ],
                    "minutes": [
                        21
                    ],
                    "seconds": [
                        11
                    ]
                }
            ],
            "best-duration": [
                {
                    "4": [
                        500
                    ],
                    "hours": [
                        0
                    ],
                    "minutes": [
                        3
                    ],
                    "seconds": [
                        47
                    ]
                }
            ]
        }
    ]
}
