{
    "cadence": [
        {
            "average": [
                62
            ],
            "maximum": [
                106
            ]
        }
    ],
    "lr_balance": [
        {
            "average": [
                46.644844055175781
            ]
        }
    ],
    "power": [
        {
            "average": [
                87
            ],
            "maximum": [
                287
            ]
        }
    ],
    "temperature": [
        {
            "average": [
                31.508594512939453
            ],
            "maximum": [
                31.600000381469727
            ],
            "minimum": [
                31.450000762939453
            ]
        }
    ]
}
